{"data":{"qrUrl":"http://music.163.com/login?codekey=6d7a3535-c002-46aa-9d6a-6ef4e7fbbe87&chainId=v1_unknown-990060_web_login_1775631794296","qrUrl_len":121},"hypothesisId":"H1","location":"mainwindow.cpp:onNeteaseQrUrlReady","message":"qr url shown","runId":"pre-fix","sessionId":"502184","timestamp":1775631794297}
{"data":{"loggedIn":false,"message":"等待扫码","nickname_len":0,"status":"waiting","statusCode":801},"hypothesisId":"H2","location":"mainwindow.cpp:onNeteaseQrStatus","message":"qr status tick","runId":"pre-fix","sessionId":"502184","timestamp":1775631795398}
{"data":{"loggedIn":false,"message":"等待扫码","nickname_len":0,"status":"waiting","statusCode":801},"hypothesisId":"H2","location":"mainwindow.cpp:onNeteaseQrStatus","message":"qr status tick","runId":"pre-fix","sessionId":"502184","timestamp":1775631796362}
{"data":{"loggedIn":false,"message":"等待扫码","nickname_len":0,"status":"waiting","statusCode":801},"hypothesisId":"H2","location":"mainwindow.cpp:onNeteaseQrStatus","message":"qr status tick","runId":"pre-fix","sessionId":"502184","timestamp":1775631797363}
{"data":{"loggedIn":false,"message":"等待扫码","nickname_len":0,"status":"waiting","statusCode":801},"hypothesisId":"H2","location":"mainwindow.cpp:onNeteaseQrStatus","message":"qr status tick","runId":"pre-fix","sessionId":"502184","timestamp":1775631798392}
{"data":{"loggedIn":false,"message":"等待扫码","nickname_len":0,"status":"waiting","statusCode":801},"hypothesisId":"H2","location":"mainwindow.cpp:onNeteaseQrStatus","message":"qr status tick","runId":"pre-fix","sessionId":"502184","timestamp":1775631799433}
{"sessionId": "502184", "runId": "pre-fix", "hypothesisId": "H1", "location": "python/server/main.py:auth_qr_unikey", "message": "generated unikey", "data": {"unikey_len": 36}, "timestamp": 1775631837957}
{"sessionId": "502184", "runId": "pre-fix", "hypothesisId": "H1", "location": "python/server/main.py:auth_qr_url", "message": "qr url returned", "data": {"qrUrl": "http://music.163.com/login?codekey=4a904270-e7df-49b6-a863-4acdc7baf990&chainId=v1_unknown-108347_web_login_1775631837960", "qrUrl_len": 121}, "timestamp": 1775631837960}
{"data":{"qrUrl":"http://music.163.com/login?codekey=4a904270-e7df-49b6-a863-4acdc7baf990&chainId=v1_unknown-108347_web_login_1775631837960","qrUrl_len":121},"hypothesisId":"H1","location":"mainwindow.cpp:onNeteaseQrUrlReady","message":"qr url shown","runId":"pre-fix","sessionId":"502184","timestamp":1775631837960}
{"sessionId": "502184", "runId": "pre-fix", "hypothesisId": "H2", "location": "python/server/main.py:auth_qr_check", "message": "qr check status", "data": {"status": "waiting", "statusCode": 801, "loggedIn": false, "nickname_len": 0}, "timestamp": 1775631839015}
{"data":{"loggedIn":false,"message":"等待扫码","nickname_len":0,"status":"waiting","statusCode":801},"hypothesisId":"H2","location":"mainwindow.cpp:onNeteaseQrStatus","message":"qr status tick","runId":"pre-fix","sessionId":"502184","timestamp":1775631839017}
{"sessionId": "502184", "runId": "pre-fix", "hypothesisId": "H2", "location": "python/server/main.py:auth_qr_check", "message": "qr check status", "data": {"status": "waiting", "statusCode": 801, "loggedIn": false, "nickname_len": 0}, "timestamp": 1775631840012}
{"data":{"loggedIn":false,"message":"等待扫码","nickname_len":0,"status":"waiting","statusCode":801},"hypothesisId":"H2","location":"mainwindow.cpp:onNeteaseQrStatus","message":"qr status tick","runId":"pre-fix","sessionId":"502184","timestamp":1775631840013}
{"sessionId": "502184", "runId": "pre-fix", "hypothesisId": "H2", "location": "python/server/main.py:auth_qr_check", "message": "qr check status", "data": {"status": "waiting", "statusCode": 801, "loggedIn": false, "nickname_len": 0}, "timestamp": 1775631841011}
{"data":{"loggedIn":false,"message":"等待扫码","nickname_len":0,"status":"waiting","statusCode":801},"hypothesisId":"H2","location":"mainwindow.cpp:onNeteaseQrStatus","message":"qr status tick","runId":"pre-fix","sessionId":"502184","timestamp":1775631841011}
{"sessionId": "502184", "runId": "pre-fix", "hypothesisId": "H2", "location": "python/server/main.py:auth_qr_check", "message": "qr check status", "data": {"status": "waiting", "statusCode": 801, "loggedIn": false, "nickname_len": 0}, "timestamp": 1775631842016}
{"data":{"loggedIn":false,"message":"等待扫码","nickname_len":0,"status":"waiting","statusCode":801},"hypothesisId":"H2","location":"mainwindow.cpp:onNeteaseQrStatus","message":"qr status tick","runId":"pre-fix","sessionId":"502184","timestamp":1775631842017}
{"sessionId": "502184", "runId": "pre-fix", "hypothesisId": "H2", "location": "python/server/main.py:auth_qr_check", "message": "qr check status", "data": {"status": "waiting", "statusCode": 801, "loggedIn": false, "nickname_len": 0}, "timestamp": 1775631843020}
{"data":{"loggedIn":false,"message":"等待扫码","nickname_len":0,"status":"waiting","statusCode":801},"hypothesisId":"H2","location":"mainwindow.cpp:onNeteaseQrStatus","message":"qr status tick","runId":"pre-fix","sessionId":"502184","timestamp":1775631843020}
{"sessionId": "502184", "runId": "pre-fix", "hypothesisId": "H2", "location": "python/server/main.py:auth_qr_check", "message": "qr check status", "data": {"status": "waiting", "statusCode": 801, "loggedIn": false, "nickname_len": 0}, "timestamp": 1775631844022}
{"data":{"loggedIn":false,"message":"等待扫码","nickname_len":0,"status":"waiting","statusCode":801},"hypothesisId":"H2","location":"mainwindow.cpp:onNeteaseQrStatus","message":"qr status tick","runId":"pre-fix","sessionId":"502184","timestamp":1775631844023}
{"sessionId": "502184", "runId": "pre-fix", "hypothesisId": "H1", "location": "python/server/main.py:auth_qr_unikey", "message": "generated unikey", "data": {"unikey_len": 36}, "timestamp": 1775636765333}
{"sessionId": "502184", "runId": "pre-fix", "hypothesisId": "H1", "location": "python/server/main.py:auth_qr_url", "message": "qr url returned", "data": {"qrUrl": "http://music.163.com/login?codekey=d28c4331-a031-49dd-b637-dea73b427f60&chainId=v1_unknown-279336_web_login_1775636765337", "qrUrl_len": 121}, "timestamp": 1775636765337}
{"sessionId": "502184", "runId": "pre-fix", "hypothesisId": "H2", "location": "python/server/main.py:auth_qr_check", "message": "qr check status", "data": {"status": "waiting", "statusCode": 801, "loggedIn": false, "nickname_len": 0}, "timestamp": 1775636768854}
{"sessionId": "502184", "runId": "pre-fix", "hypothesisId": "H2", "location": "python/server/main.py:auth_qr_check", "message": "qr check status", "data": {"status": "waiting", "statusCode": 801, "loggedIn": false, "nickname_len": 0}, "timestamp": 1775636770700}
{"sessionId": "502184", "runId": "pre-fix", "hypothesisId": "H1", "location": "python/server/main.py:auth_qr_unikey", "message": "generated unikey", "data": {"unikey_len": 36}, "timestamp": 1775636771368}
{"sessionId": "502184", "runId": "pre-fix", "hypothesisId": "H1", "location": "python/server/main.py:auth_qr_url", "message": "qr url returned", "data": {"qrUrl": "http://music.163.com/login?codekey=6d0c11d8-c225-4584-b067-6b3914183d20&chainId=v1_unknown-676740_web_login_1775636771370", "qrUrl_len": 121}, "timestamp": 1775636771370}
{"sessionId": "502184", "runId": "pre-fix", "hypothesisId": "H2", "location": "python/server/main.py:auth_qr_check", "message": "qr check status", "data": {"status": "waiting", "statusCode": 801, "loggedIn": false, "nickname_len": 0}, "timestamp": 1775636772552}
{"sessionId": "502184", "runId": "pre-fix", "hypothesisId": "H2", "location": "python/server/main.py:auth_qr_check", "message": "qr check status", "data": {"status": "waiting", "statusCode": 801, "loggedIn": false, "nickname_len": 0}, "timestamp": 1775636774403}
{"sessionId": "502184", "runId": "pre-fix", "hypothesisId": "H2", "location": "python/server/main.py:auth_qr_check", "message": "qr check status", "data": {"status": "waiting", "statusCode": 801, "loggedIn": false, "nickname_len": 0}, "timestamp": 1775636776268}
{"sessionId": "502184", "runId": "pre-fix", "hypothesisId": "H2", "location": "python/server/main.py:auth_qr_check", "message": "qr check status", "data": {"status": "waiting", "statusCode": 801, "loggedIn": false, "nickname_len": 0}, "timestamp": 1775636778123}
{"sessionId": "502184", "runId": "pre-fix", "hypothesisId": "H2", "location": "python/server/main.py:auth_qr_check", "message": "qr check status", "data": {"status": "waiting", "statusCode": 801, "loggedIn": false, "nickname_len": 0}, "timestamp": 1775636779189}
{"sessionId": "502184", "runId": "pre-fix", "hypothesisId": "H2", "location": "python/server/main.py:auth_qr_check", "message": "qr check status", "data": {"status": "waiting", "statusCode": 801, "loggedIn": false, "nickname_len": 0}, "timestamp": 1775636779978}
{"sessionId": "502184", "runId": "pre-fix", "hypothesisId": "H2", "location": "python/server/main.py:auth_qr_check", "message": "qr check status", "data": {"status": "waiting", "statusCode": 801, "loggedIn": false, "nickname_len": 0}, "timestamp": 1775636781043}
{"sessionId": "502184", "runId": "pre-fix", "hypothesisId": "H2", "location": "python/server/main.py:auth_qr_check", "message": "qr check status", "data": {"status": "waiting", "statusCode": 801, "loggedIn": false, "nickname_len": 0}, "timestamp": 1775636781840}
{"sessionId": "502184", "runId": "pre-fix", "hypothesisId": "H2", "location": "python/server/main.py:auth_qr_check", "message": "qr check status", "data": {"status": "waiting", "statusCode": 801, "loggedIn": false, "nickname_len": 0}, "timestamp": 1775636782893}
{"sessionId": "502184", "runId": "pre-fix", "hypothesisId": "H2", "location": "python/server/main.py:auth_qr_check", "message": "qr check status", "data": {"status": "waiting", "statusCode": 801, "loggedIn": false, "nickname_len": 0}, "timestamp": 1775636783692}
{"sessionId": "502184", "runId": "pre-fix", "hypothesisId": "H2", "location": "python/server/main.py:auth_qr_check", "message": "qr check status", "data": {"status": "waiting", "statusCode": 801, "loggedIn": false, "nickname_len": 0}, "timestamp": 1775636784745}
{"sessionId": "502184", "runId": "pre-fix", "hypothesisId": "H2", "location": "python/server/main.py:auth_qr_check", "message": "qr check status", "data": {"status": "waiting", "statusCode": 801, "loggedIn": false, "nickname_len": 0}, "timestamp": 1775636785541}
{"sessionId": "502184", "runId": "pre-fix", "hypothesisId": "H2", "location": "python/server/main.py:auth_qr_check", "message": "qr check status", "data": {"status": "waiting", "statusCode": 801, "loggedIn": false, "nickname_len": 0}, "timestamp": 1775636786597}
{"sessionId": "502184", "runId": "pre-fix", "hypothesisId": "H2", "location": "python/server/main.py:auth_qr_check", "message": "qr check status", "data": {"status": "waiting", "statusCode": 801, "loggedIn": false, "nickname_len": 0}, "timestamp": 1775636787389}
{"sessionId": "502184", "runId": "pre-fix", "hypothesisId": "H2", "location": "python/server/main.py:auth_qr_check", "message": "qr check status", "data": {"status": "waiting", "statusCode": 801, "loggedIn": false, "nickname_len": 0}, "timestamp": 1775636788449}
{"sessionId": "502184", "runId": "pre-fix", "hypothesisId": "H2", "location": "python/server/main.py:auth_qr_check", "message": "qr check status", "data": {"status": "waiting", "statusCode": 801, "loggedIn": false, "nickname_len": 0}, "timestamp": 1775636789240}
{"sessionId": "502184", "runId": "pre-fix", "hypothesisId": "H2", "location": "python/server/main.py:auth_qr_check", "message": "qr check status", "data": {"status": "waiting", "statusCode": 801, "loggedIn": false, "nickname_len": 0}, "timestamp": 1775636790300}
{"sessionId": "502184", "runId": "pre-fix", "hypothesisId": "H1", "location": "python/server/main.py:auth_qr_unikey", "message": "generated unikey", "data": {"unikey_len": 36}, "timestamp": 1775636804043}
{"sessionId": "502184", "runId": "pre-fix", "hypothesisId": "H1", "location": "python/server/main.py:auth_qr_url", "message": "qr url returned", "data": {"qrUrl": "http://music.163.com/login?codekey=939aca08-205d-4f53-9e15-4d5130e0dc7e&chainId=v1_unknown-553258_web_login_1775636804045", "qrUrl_len": 121}, "timestamp": 1775636804045}
{"sessionId": "502184", "runId": "pre-fix", "hypothesisId": "H2", "location": "python/server/main.py:auth_qr_check", "message": "qr check status", "data": {"status": "waiting", "statusCode": 801, "loggedIn": false, "nickname_len": 0}, "timestamp": 1775636806699}
{"sessionId": "502184", "runId": "pre-fix", "hypothesisId": "H2", "location": "python/server/main.py:auth_qr_check", "message": "qr check status", "data": {"status": "waiting", "statusCode": 801, "loggedIn": false, "nickname_len": 0}, "timestamp": 1775636808560}
{"sessionId": "502184", "runId": "pre-fix", "hypothesisId": "H2", "location": "python/server/main.py:auth_qr_check", "message": "qr check status", "data": {"status": "waiting", "statusCode": 801, "loggedIn": false, "nickname_len": 0}, "timestamp": 1775636810525}
{"sessionId": "502184", "runId": "pre-fix", "hypothesisId": "H2", "location": "python/server/main.py:auth_qr_check", "message": "qr check status", "data": {"status": "waiting", "statusCode": 801, "loggedIn": false, "nickname_len": 0}, "timestamp": 1775636812379}
{"sessionId": "502184", "runId": "pre-fix", "hypothesisId": "H2", "location": "python/server/main.py:auth_qr_check", "message": "qr check status", "data": {"status": "waiting", "statusCode": 801, "loggedIn": false, "nickname_len": 0}, "timestamp": 1775636814234}
{"sessionId": "502184", "runId": "pre-fix", "hypothesisId": "H2", "location": "python/server/main.py:auth_qr_check", "message": "qr check status", "data": {"status": "waiting", "statusCode": 801, "loggedIn": false, "nickname_len": 0}, "timestamp": 1775636816137}
{"sessionId": "502184", "runId": "pre-fix", "hypothesisId": "H2", "location": "python/server/main.py:auth_qr_check", "message": "qr check status", "data": {"status": "waiting", "statusCode": 801, "loggedIn": false, "nickname_len": 0}, "timestamp": 1775636817985}
{"sessionId": "502184", "runId": "pre-fix", "hypothesisId": "H2", "location": "python/server/main.py:auth_qr_check", "message": "qr check status", "data": {"status": "waiting", "statusCode": 801, "loggedIn": false, "nickname_len": 0}, "timestamp": 1775636819837}
{"sessionId": "502184", "runId": "pre-fix", "hypothesisId": "H2", "location": "python/server/main.py:auth_qr_check", "message": "qr check status", "data": {"status": "waiting", "statusCode": 801, "loggedIn": false, "nickname_len": 0}, "timestamp": 1775636821682}
{"sessionId": "502184", "runId": "pre-fix", "hypothesisId": "H2", "location": "python/server/main.py:auth_qr_check", "message": "qr check status", "data": {"status": "waiting", "statusCode": 801, "loggedIn": false, "nickname_len": 0}, "timestamp": 1775636823529}
{"sessionId": "502184", "runId": "pre-fix", "hypothesisId": "H2", "location": "python/server/main.py:auth_qr_check", "message": "qr check status", "data": {"status": "waiting", "statusCode": 801, "loggedIn": false, "nickname_len": 0}, "timestamp": 1775636825375}
{"sessionId": "502184", "runId": "pre-fix", "hypothesisId": "H2", "location": "python/server/main.py:auth_qr_check", "message": "qr check status", "data": {"status": "waiting", "statusCode": 801, "loggedIn": false, "nickname_len": 0}, "timestamp": 1775636827239}
{"sessionId": "502184", "runId": "pre-fix", "hypothesisId": "H2", "location": "python/server/main.py:auth_qr_check", "message": "qr check status", "data": {"status": "waiting", "statusCode": 801, "loggedIn": false, "nickname_len": 0}, "timestamp": 1775636829090}
{"sessionId": "502184", "runId": "pre-fix", "hypothesisId": "H2", "location": "python/server/main.py:auth_qr_check", "message": "qr check status", "data": {"status": "waiting", "statusCode": 801, "loggedIn": false, "nickname_len": 0}, "timestamp": 1775636830938}
{"sessionId": "502184", "runId": "pre-fix", "hypothesisId": "H2", "location": "python/server/main.py:auth_qr_check", "message": "qr check status", "data": {"status": "waiting", "statusCode": 801, "loggedIn": false, "nickname_len": 0}, "timestamp": 1775636832798}
{"sessionId": "502184", "runId": "pre-fix", "hypothesisId": "H2", "location": "python/server/main.py:auth_qr_check", "message": "qr check status", "data": {"status": "waiting", "statusCode": 801, "loggedIn": false, "nickname_len": 0}, "timestamp": 1775636834660}
{"sessionId": "502184", "runId": "pre-fix", "hypothesisId": "H2", "location": "python/server/main.py:auth_qr_check", "message": "qr check status", "data": {"status": "waiting", "statusCode": 801, "loggedIn": false, "nickname_len": 0}, "timestamp": 1775636836512}
{"sessionId": "502184", "runId": "pre-fix", "hypothesisId": "H2", "location": "python/server/main.py:auth_qr_check", "message": "qr check status", "data": {"status": "waiting", "statusCode": 801, "loggedIn": false, "nickname_len": 0}, "timestamp": 1775636838360}
{"sessionId": "502184", "runId": "pre-fix", "hypothesisId": "H2", "location": "python/server/main.py:auth_qr_check", "message": "qr check status", "data": {"status": "waiting", "statusCode": 801, "loggedIn": false, "nickname_len": 0}, "timestamp": 1775636840242}
{"sessionId": "502184", "runId": "pre-fix", "hypothesisId": "H2", "location": "python/server/main.py:auth_qr_check", "message": "qr check status", "data": {"status": "waiting", "statusCode": 801, "loggedIn": false, "nickname_len": 0}, "timestamp": 1775636842092}
{"sessionId": "502184", "runId": "pre-fix", "hypothesisId": "H2", "location": "python/server/main.py:auth_qr_check", "message": "qr check status", "data": {"status": "waiting", "statusCode": 801, "loggedIn": false, "nickname_len": 0}, "timestamp": 1775636843939}
{"sessionId": "502184", "runId": "pre-fix", "hypothesisId": "H2", "location": "python/server/main.py:auth_qr_check", "message": "qr check status", "data": {"status": "waiting", "statusCode": 801, "loggedIn": false, "nickname_len": 0}, "timestamp": 1775636845788}
{"sessionId": "502184", "runId": "pre-fix", "hypothesisId": "H2", "location": "python/server/main.py:auth_qr_check", "message": "qr check status", "data": {"status": "waiting", "statusCode": 801, "loggedIn": false, "nickname_len": 0}, "timestamp": 1775636847635}
{"sessionId": "502184", "runId": "pre-fix", "hypothesisId": "H2", "location": "python/server/main.py:auth_qr_check", "message": "qr check status", "data": {"status": "waiting", "statusCode": 801, "loggedIn": false, "nickname_len": 0}, "timestamp": 1775636849485}
{"sessionId": "502184", "runId": "pre-fix", "hypothesisId": "H2", "location": "python/server/main.py:auth_qr_check", "message": "qr check status", "data": {"status": "waiting", "statusCode": 801, "loggedIn": false, "nickname_len": 0}, "timestamp": 1775636851334}
{"sessionId": "502184", "runId": "pre-fix", "hypothesisId": "H1", "location": "python/server/main.py:auth_qr_unikey", "message": "generated unikey", "data": {"unikey_len": 36}, "timestamp": 1775637028912}
{"sessionId": "502184", "runId": "pre-fix", "hypothesisId": "H1", "location": "python/server/main.py:auth_qr_url", "message": "qr url returned", "data": {"qrUrl": "http://music.163.com/login?codekey=0fdb7857-5da2-46c6-b1f0-3d34c9eb04c9&chainId=v1_unknown-623129_web_login_1775637028914", "qrUrl_len": 121}, "timestamp": 1775637028914}
{"sessionId": "502184", "runId": "pre-fix", "hypothesisId": "H2", "location": "python/server/main.py:auth_qr_check", "message": "qr check status", "data": {"status": "waiting", "statusCode": 801, "loggedIn": false, "nickname_len": 0}, "timestamp": 1775637032171}
{"sessionId": "502184", "runId": "pre-fix", "hypothesisId": "H2", "location": "python/server/main.py:auth_qr_check", "message": "qr check status", "data": {"status": "waiting", "statusCode": 801, "loggedIn": false, "nickname_len": 0}, "timestamp": 1775637034073}
{"sessionId": "502184", "runId": "pre-fix", "hypothesisId": "H2", "location": "python/server/main.py:auth_qr_check", "message": "qr check status", "data": {"status": "waiting", "statusCode": 801, "loggedIn": false, "nickname_len": 0}, "timestamp": 1775637035991}
{"sessionId": "502184", "runId": "pre-fix", "hypothesisId": "H2", "location": "python/server/main.py:auth_qr_check", "message": "qr check status", "data": {"status": "waiting", "statusCode": 801, "loggedIn": false, "nickname_len": 0}, "timestamp": 1775637037848}
{"sessionId": "502184", "runId": "pre-fix", "hypothesisId": "H2", "location": "python/server/main.py:auth_qr_check", "message": "qr check status", "data": {"status": "waiting", "statusCode": 801, "loggedIn": false, "nickname_len": 0}, "timestamp": 1775637039707}
{"sessionId": "502184", "runId": "pre-fix", "hypothesisId": "H2", "location": "python/server/main.py:auth_qr_check", "message": "qr check status", "data": {"status": "waiting", "statusCode": 801, "loggedIn": false, "nickname_len": 0}, "timestamp": 1775637041572}
{"sessionId": "502184", "runId": "pre-fix", "hypothesisId": "H2", "location": "python/server/main.py:auth_qr_check", "message": "qr check status", "data": {"status": "waiting", "statusCode": 801, "loggedIn": false, "nickname_len": 0}, "timestamp": 1775637043435}
{"sessionId": "502184", "runId": "pre-fix", "hypothesisId": "H2", "location": "python/server/main.py:auth_qr_check", "message": "qr check status", "data": {"status": "scanned", "statusCode": 802, "loggedIn": false, "nickname_len": 0}, "timestamp": 1775637045294}
{"sessionId": "502184", "runId": "pre-fix", "hypothesisId": "H2", "location": "python/server/main.py:auth_qr_check", "message": "qr check status", "data": {"status": "authorized", "statusCode": 803, "loggedIn": true, "nickname_len": 11}, "timestamp": 1775637047470}
{"sessionId": "502184", "runId": "pre-fix", "hypothesisId": "H1", "location": "python/server/main.py:auth_qr_unikey", "message": "generated unikey", "data": {"unikey_len": 36}, "timestamp": 1775637379130}
{"sessionId": "502184", "runId": "pre-fix", "hypothesisId": "H1", "location": "python/server/main.py:auth_qr_url", "message": "qr url returned", "data": {"qrUrl": "http://music.163.com/login?codekey=e88b7308-7e7b-40b6-b08a-7bc64d92620c&chainId=v1_unknown-459562_web_login_1775637379131", "qrUrl_len": 121}, "timestamp": 1775637379131}
{"sessionId": "502184", "runId": "pre-fix", "hypothesisId": "H2", "location": "python/server/main.py:auth_qr_check", "message": "qr check status", "data": {"status": "waiting", "statusCode": 801, "loggedIn": false, "nickname_len": 0}, "timestamp": 1775637380472}
{"sessionId": "502184", "runId": "pre-fix", "hypothesisId": "H2", "location": "python/server/main.py:auth_qr_check", "message": "qr check status", "data": {"status": "waiting", "statusCode": 801, "loggedIn": false, "nickname_len": 0}, "timestamp": 1775637382335}
{"sessionId": "502184", "runId": "pre-fix", "hypothesisId": "H2", "location": "python/server/main.py:auth_qr_check", "message": "qr check status", "data": {"status": "waiting", "statusCode": 801, "loggedIn": false, "nickname_len": 0}, "timestamp": 1775637384200}
{"sessionId": "502184", "runId": "pre-fix", "hypothesisId": "H1", "location": "python/server/main.py:auth_qr_unikey", "message": "generated unikey", "data": {"unikey_len": 36}, "timestamp": 1775638221584}
{"sessionId": "502184", "runId": "pre-fix", "hypothesisId": "H1", "location": "python/server/main.py:auth_qr_url", "message": "qr url returned", "data": {"qrUrl": "http://music.163.com/login?codekey=a0a44baa-506a-4b17-8e7f-427a70887d0a&chainId=v1_unknown-958652_web_login_1775638221587", "qrUrl_len": 121}, "timestamp": 1775638221587}
{"sessionId": "502184", "runId": "pre-fix", "hypothesisId": "H2", "location": "python/server/main.py:auth_qr_check", "message": "qr check status", "data": {"status": "waiting", "statusCode": 801, "loggedIn": false, "nickname_len": 0}, "timestamp": 1775638222904}
{"sessionId": "502184", "runId": "pre-fix", "hypothesisId": "H2", "location": "python/server/main.py:auth_qr_check", "message": "qr check status", "data": {"status": "waiting", "statusCode": 801, "loggedIn": false, "nickname_len": 0}, "timestamp": 1775638224766}
{"sessionId": "502184", "runId": "pre-fix", "hypothesisId": "H2", "location": "python/server/main.py:auth_qr_check", "message": "qr check status", "data": {"status": "waiting", "statusCode": 801, "loggedIn": false, "nickname_len": 0}, "timestamp": 1775638226625}
{"sessionId": "502184", "runId": "pre-fix", "hypothesisId": "H2", "location": "python/server/main.py:auth_qr_check", "message": "qr check status", "data": {"status": "waiting", "statusCode": 801, "loggedIn": false, "nickname_len": 0}, "timestamp": 1775638228488}
{"sessionId": "502184", "runId": "pre-fix", "hypothesisId": "H2", "location": "python/server/main.py:auth_qr_check", "message": "qr check status", "data": {"status": "waiting", "statusCode": 801, "loggedIn": false, "nickname_len": 0}, "timestamp": 1775638230353}
{"sessionId": "502184", "runId": "pre-fix", "hypothesisId": "H2", "location": "python/server/main.py:auth_qr_check", "message": "qr check status", "data": {"status": "scanned", "statusCode": 802, "loggedIn": false, "nickname_len": 0}, "timestamp": 1775638232217}
{"sessionId": "502184", "runId": "pre-fix", "hypothesisId": "H2", "location": "python/server/main.py:auth_qr_check", "message": "qr check status", "data": {"status": "authorized", "statusCode": 803, "loggedIn": true, "nickname_len": 11}, "timestamp": 1775638234180}
{"sessionId": "502184", "runId": "pre-fix", "hypothesisId": "H1", "location": "python/server/main.py:auth_qr_unikey", "message": "generated unikey", "data": {"unikey_len": 36}, "timestamp": 1775638262606}
{"sessionId": "502184", "runId": "pre-fix", "hypothesisId": "H1", "location": "python/server/main.py:auth_qr_url", "message": "qr url returned", "data": {"qrUrl": "http://music.163.com/login?codekey=55eb0b2d-8352-4d7e-a10d-6852fe96faee&chainId=v1_unknown-273176_web_login_1775638262607", "qrUrl_len": 121}, "timestamp": 1775638262607}
{"sessionId": "502184", "runId": "pre-fix", "hypothesisId": "H2", "location": "python/server/main.py:auth_qr_check", "message": "qr check status", "data": {"status": "waiting", "statusCode": 801, "loggedIn": false, "nickname_len": 0}, "timestamp": 1775638264020}
{"sessionId": "502184", "runId": "pre-fix", "hypothesisId": "H1", "location": "python/server/main.py:auth_qr_unikey", "message": "generated unikey", "data": {"unikey_len": 36}, "timestamp": 1775638571487}
{"sessionId": "502184", "runId": "pre-fix", "hypothesisId": "H1", "location": "python/server/main.py:auth_qr_url", "message": "qr url returned", "data": {"qrUrl": "http://music.163.com/login?codekey=575d206e-edc8-4cbf-8b03-33961cd589a2&chainId=v1_unknown-430431_web_login_1775638571493", "qrUrl_len": 121}, "timestamp": 1775638571494}
{"sessionId": "502184", "runId": "pre-fix", "hypothesisId": "H2", "location": "python/server/main.py:auth_qr_check", "message": "qr check status", "data": {"status": "waiting", "statusCode": 801, "loggedIn": false, "nickname_len": 0}, "timestamp": 1775638572806}
{"sessionId": "502184", "runId": "pre-fix", "hypothesisId": "H2", "location": "python/server/main.py:auth_qr_check", "message": "qr check status", "data": {"status": "waiting", "statusCode": 801, "loggedIn": false, "nickname_len": 0}, "timestamp": 1775638574666}
{"sessionId": "502184", "runId": "pre-fix", "hypothesisId": "H2", "location": "python/server/main.py:auth_qr_check", "message": "qr check status", "data": {"status": "waiting", "statusCode": 801, "loggedIn": false, "nickname_len": 0}, "timestamp": 1775638576534}
{"sessionId": "502184", "runId": "pre-fix", "hypothesisId": "H2", "location": "python/server/main.py:auth_qr_check", "message": "qr check status", "data": {"status": "waiting", "statusCode": 801, "loggedIn": false, "nickname_len": 0}, "timestamp": 1775638578393}
{"sessionId": "502184", "runId": "pre-fix", "hypothesisId": "H2", "location": "python/server/main.py:auth_qr_check", "message": "qr check status", "data": {"status": "waiting", "statusCode": 801, "loggedIn": false, "nickname_len": 0}, "timestamp": 1775638580253}
{"sessionId": "502184", "runId": "pre-fix", "hypothesisId": "H2", "location": "python/server/main.py:auth_qr_check", "message": "qr check status", "data": {"status": "waiting", "statusCode": 801, "loggedIn": false, "nickname_len": 0}, "timestamp": 1775638582112}
{"sessionId": "502184", "runId": "pre-fix", "hypothesisId": "H2", "location": "python/server/main.py:auth_qr_check", "message": "qr check status", "data": {"status": "authorized", "statusCode": 803, "loggedIn": true, "nickname_len": 11}, "timestamp": 1775638584087}
{"sessionId": "502184", "runId": "pre-fix", "hypothesisId": "H1", "location": "python/server/main.py:auth_qr_unikey", "message": "generated unikey", "data": {"unikey_len": 36}, "timestamp": 1775638664710}
{"sessionId": "502184", "runId": "pre-fix", "hypothesisId": "H1", "location": "python/server/main.py:auth_qr_url", "message": "qr url returned", "data": {"qrUrl": "http://music.163.com/login?codekey=4c8f8759-cec8-4af6-b28d-55a9771d6aaf&chainId=v1_unknown-80594_web_login_1775638664712", "qrUrl_len": 120}, "timestamp": 1775638664712}
{"sessionId": "502184", "runId": "pre-fix", "hypothesisId": "H2", "location": "python/server/main.py:auth_qr_check", "message": "qr check status", "data": {"status": "waiting", "statusCode": 801, "loggedIn": false, "nickname_len": 0}, "timestamp": 1775638665990}
{"sessionId": "502184", "runId": "pre-fix", "hypothesisId": "H2", "location": "python/server/main.py:auth_qr_check", "message": "qr check status", "data": {"status": "waiting", "statusCode": 801, "loggedIn": false, "nickname_len": 0}, "timestamp": 1775638667850}
{"sessionId": "502184", "runId": "pre-fix", "hypothesisId": "H2", "location": "python/server/main.py:auth_qr_check", "message": "qr check status", "data": {"status": "scanned", "statusCode": 802, "loggedIn": false, "nickname_len": 0}, "timestamp": 1775638669702}
{"sessionId": "502184", "runId": "pre-fix", "hypothesisId": "H2", "location": "python/server/main.py:auth_qr_check", "message": "qr check status", "data": {"status": "authorized", "statusCode": 803, "loggedIn": true, "nickname_len": 11}, "timestamp": 1775638671628}
{"sessionId": "502184", "runId": "pre-fix", "hypothesisId": "H1", "location": "python/server/main.py:auth_qr_unikey", "message": "generated unikey", "data": {"unikey_len": 36}, "timestamp": 1775638900086}
{"sessionId": "502184", "runId": "pre-fix", "hypothesisId": "H1", "location": "python/server/main.py:auth_qr_url", "message": "qr url returned", "data": {"qrUrl": "http://music.163.com/login?codekey=20653969-069c-4e1c-88a7-5d1317607894&chainId=v1_unknown-121078_web_login_1775638900089", "qrUrl_len": 121}, "timestamp": 1775638900089}
{"sessionId": "502184", "runId": "pre-fix", "hypothesisId": "H2", "location": "python/server/main.py:auth_qr_check", "message": "qr check status", "data": {"status": "waiting", "statusCode": 801, "loggedIn": false, "nickname_len": 0}, "timestamp": 1775638901382}
{"sessionId": "502184", "runId": "pre-fix", "hypothesisId": "H2", "location": "python/server/main.py:auth_qr_check", "message": "qr check status", "data": {"status": "waiting", "statusCode": 801, "loggedIn": false, "nickname_len": 0}, "timestamp": 1775638903238}
{"sessionId": "502184", "runId": "pre-fix", "hypothesisId": "H2", "location": "python/server/main.py:auth_qr_check", "message": "qr check status", "data": {"status": "waiting", "statusCode": 801, "loggedIn": false, "nickname_len": 0}, "timestamp": 1775638905092}
{"sessionId": "502184", "runId": "pre-fix", "hypothesisId": "H2", "location": "python/server/main.py:auth_qr_check", "message": "qr check status", "data": {"status": "scanned", "statusCode": 802, "loggedIn": false, "nickname_len": 0}, "timestamp": 1775638906951}
{"sessionId": "502184", "runId": "pre-fix", "hypothesisId": "H2", "location": "python/server/main.py:auth_qr_check", "message": "qr check status", "data": {"status": "authorized", "statusCode": 803, "loggedIn": false, "nickname_len": 0}, "timestamp": 1775638908955}
{"sessionId": "502184", "runId": "pre-fix", "hypothesisId": "H1", "location": "python/server/main.py:auth_qr_unikey", "message": "generated unikey", "data": {"unikey_len": 36}, "timestamp": 1775638934299}
{"sessionId": "502184", "runId": "pre-fix", "hypothesisId": "H1", "location": "python/server/main.py:auth_qr_url", "message": "qr url returned", "data": {"qrUrl": "http://music.163.com/login?codekey=a950ee71-3ceb-4dde-b54b-779a33c18ead&chainId=v1_unknown-330523_web_login_1775638934300", "qrUrl_len": 121}, "timestamp": 1775638934300}
{"sessionId": "502184", "runId": "pre-fix", "hypothesisId": "H2", "location": "python/server/main.py:auth_qr_check", "message": "qr check status", "data": {"status": "waiting", "statusCode": 801, "loggedIn": false, "nickname_len": 0}, "timestamp": 1775638935585}
{"sessionId": "502184", "runId": "pre-fix", "hypothesisId": "H2", "location": "python/server/main.py:auth_qr_check", "message": "qr check status", "data": {"status": "waiting", "statusCode": 801, "loggedIn": false, "nickname_len": 0}, "timestamp": 1775638937454}
{"sessionId": "502184", "runId": "pre-fix", "hypothesisId": "H2", "location": "python/server/main.py:auth_qr_check", "message": "qr check status", "data": {"status": "waiting", "statusCode": 801, "loggedIn": false, "nickname_len": 0}, "timestamp": 1775638939310}
{"sessionId": "502184", "runId": "pre-fix", "hypothesisId": "H2", "location": "python/server/main.py:auth_qr_check", "message": "qr check status", "data": {"status": "authorized", "statusCode": 803, "loggedIn": false, "nickname_len": 0}, "timestamp": 1775638941254}
{"sessionId": "502184", "runId": "pre-fix", "hypothesisId": "H1", "location": "python/server/main.py:auth_qr_unikey", "message": "generated unikey", "data": {"unikey_len": 36}, "timestamp": 1775638963728}
{"sessionId": "502184", "runId": "pre-fix", "hypothesisId": "H1", "location": "python/server/main.py:auth_qr_url", "message": "qr url returned", "data": {"qrUrl": "http://music.163.com/login?codekey=51e78854-df7a-4431-9eac-0ef914644d29&chainId=v1_unknown-491948_web_login_1775638963729", "qrUrl_len": 121}, "timestamp": 1775638963730}
{"sessionId": "502184", "runId": "pre-fix", "hypothesisId": "H2", "location": "python/server/main.py:auth_qr_check", "message": "qr check status", "data": {"status": "waiting", "statusCode": 801, "loggedIn": false, "nickname_len": 0}, "timestamp": 1775638965079}
{"sessionId": "502184", "runId": "pre-fix", "hypothesisId": "H2", "location": "python/server/main.py:auth_qr_check", "message": "qr check status", "data": {"status": "waiting", "statusCode": 801, "loggedIn": false, "nickname_len": 0}, "timestamp": 1775638966931}
{"sessionId": "502184", "runId": "pre-fix", "hypothesisId": "H2", "location": "python/server/main.py:auth_qr_check", "message": "qr check status", "data": {"status": "scanned", "statusCode": 802, "loggedIn": false, "nickname_len": 0}, "timestamp": 1775638968783}
{"sessionId": "502184", "runId": "pre-fix", "hypothesisId": "H2", "location": "python/server/main.py:auth_qr_check", "message": "qr check status", "data": {"status": "authorized", "statusCode": 803, "loggedIn": true, "nickname_len": 11}, "timestamp": 1775638970802}
